writeCommonTags: couldn't write 'year' tag to '【𝐇𝐢-𝐑𝐞𝐬无损音质】｜《你听得到》- 周杰伦 -‘你的微笑像拥抱  多想藏着你的好’_音频.mp4' as it's not a positive integer
writeCommonTags: couldn't write 'track' tag to '【𝐇𝐢-𝐑𝐞𝐬无损音质】｜《你听得到》- 周杰伦 -‘你的微笑像拥抱  多想藏着你的好’_音频.mp4' as it's not a positive integer
writeCommonTags: couldn't write 'year' tag to '【𝐇𝐢-𝐑𝐞𝐬无损音质】｜《借口》- 周杰伦 -‘请再给我一个理由说你不爱我’_音频.mp4' as it's not a positive integer
writeCommonTags: couldn't write 'track' tag to '【𝐇𝐢-𝐑𝐞𝐬无损音质】｜《借口》- 周杰伦 -‘请再给我一个理由说你不爱我’_音频.mp4' as it's not a positive integer
writeCommonTags: couldn't write 'year' tag to '【𝐇𝐢-𝐑𝐞𝐬无损音质】｜《分裂》- 周杰伦 -‘爬过的那棵树  又何时变得渺小’_音频.mp4' as it's not a positive integer
writeCommonTags: couldn't write 'track' tag to '【𝐇𝐢-𝐑𝐞𝐬无损音质】｜《分裂》- 周杰伦 -‘爬过的那棵树  又何时变得渺小’_音频.mp4' as it's not a positive integer
writeCommonTags: couldn't write 'year' tag to '【𝐇𝐢-𝐑𝐞𝐬无损音质】｜《我不配》- 周杰伦 -‘是我忽略 你不过要人陪’_音频.mp4' as it's not a positive integer
writeCommonTags: couldn't write 'track' tag to '【𝐇𝐢-𝐑𝐞𝐬无损音质】｜《我不配》- 周杰伦 -‘是我忽略 你不过要人陪’_音频.mp4' as it's not a positive integer
writeCommonTags: couldn't write 'year' tag to '【𝐇𝐢-𝐑𝐞𝐬无损音质】｜《搁浅》- 周杰伦 -‘我只能永远读着对白  读着我给你的伤害’_音频.mp4' as it's not a positive integer
writeCommonTags: couldn't write 'track' tag to '【𝐇𝐢-𝐑𝐞𝐬无损音质】｜《搁浅》- 周杰伦 -‘我只能永远读着对白  读着我给你的伤害’_音频.mp4' as it's not a positive integer
writeCommonTags: couldn't write 'year' tag to '【𝐇𝐢-𝐑𝐞𝐬无损音质】｜《枫》- 周杰伦 -‘缓缓飘落的枫叶像思念’_音频.mp4' as it's not a positive integer
writeCommonTags: couldn't write 'track' tag to '【𝐇𝐢-𝐑𝐞𝐬无损音质】｜《枫》- 周杰伦 -‘缓缓飘落的枫叶像思念’_音频.mp4' as it's not a positive integer
writeCommonTags: couldn't write 'year' tag to '【𝐇𝐢-𝐑𝐞𝐬无损音质】｜《浪漫手机》- 周杰伦 -‘短讯的桥梁 将暧昧期拉长’_音频.mp4' as it's not a positive integer
writeCommonTags: couldn't write 'track' tag to '【𝐇𝐢-𝐑𝐞𝐬无损音质】｜《浪漫手机》- 周杰伦 -‘短讯的桥梁 将暧昧期拉长’_音频.mp4' as it's not a positive integer
writeCommonTags: couldn't write 'year' tag to '【𝐇𝐢-𝐑𝐞𝐬无损音质】｜《白色风车》- 周杰伦 -‘甜甜的海水  复杂的眼泪’_音频.mp4' as it's not a positive integer
writeCommonTags: couldn't write 'track' tag to '【𝐇𝐢-𝐑𝐞𝐬无损音质】｜《白色风车》- 周杰伦 -‘甜甜的海水  复杂的眼泪’_音频.mp4' as it's not a positive integer
writeCommonTags: couldn't write 'year' tag to '【𝐇𝐢-𝐑𝐞𝐬无损音质】｜《退后》- 周杰伦 -‘我知道你我都没有错  只是忘了怎么退后’_音频.mp4' as it's not a positive integer
writeCommonTags: couldn't write 'track' tag to '【𝐇𝐢-𝐑𝐞𝐬无损音质】｜《退后》- 周杰伦 -‘我知道你我都没有错  只是忘了怎么退后’_音频.mp4' as it's not a positive integer
writeCommonTags: couldn't write 'year' tag to '【影视配乐_BGM】黄霑 - 断情殇_音频.mp4' as it's not a positive integer
writeCommonTags: couldn't write 'track' tag to '【影视配乐_BGM】黄霑 - 断情殇_音频.mp4' as it's not a positive integer
writeCommonTags: couldn't write 'year' tag to '【黑胶试听】FORMOSA-天也不懂情（《新白娘子传奇》影视原声带）_音频.mp4' as it's not a positive integer
writeCommonTags: couldn't write 'track' tag to '【黑胶试听】FORMOSA-天也不懂情（《新白娘子传奇》影视原声带）_音频.mp4' as it's not a positive integer
writeCommonTags: couldn't write 'year' tag to '【黑胶试听】FORMOSA-悲情面具（《新白娘子传奇》影视原声带）_音频.mp4' as it's not a positive integer
writeCommonTags: couldn't write 'track' tag to '【黑胶试听】FORMOSA-悲情面具（《新白娘子传奇》影视原声带）_音频.mp4' as it's not a positive integer
writeCommonTags: couldn't write 'year' tag to 'Hi-Fi/【𝐇𝐢-𝐑𝐞𝐬无损音质】｜《你听得到》- 周杰伦 -‘你的微笑像拥抱  多想藏着你的好’_音频.mp4' as it's not a positive integer
writeCommonTags: couldn't write 'track' tag to 'Hi-Fi/【𝐇𝐢-𝐑𝐞𝐬无损音质】｜《你听得到》- 周杰伦 -‘你的微笑像拥抱  多想藏着你的好’_音频.mp4' as it's not a positive integer
writeCommonTags: couldn't write 'year' tag to 'Hi-Fi/【𝐇𝐢-𝐑𝐞𝐬无损音质】｜《借口》- 周杰伦 -‘请再给我一个理由说你不爱我’_音频.mp4' as it's not a positive integer
writeCommonTags: couldn't write 'track' tag to 'Hi-Fi/【𝐇𝐢-𝐑𝐞𝐬无损音质】｜《借口》- 周杰伦 -‘请再给我一个理由说你不爱我’_音频.mp4' as it's not a positive integer
writeCommonTags: couldn't write 'year' tag to 'Hi-Fi/【𝐇𝐢-𝐑𝐞𝐬无损音质】｜《分裂》- 周杰伦 -‘爬过的那棵树  又何时变得渺小’_音频.mp4' as it's not a positive integer
writeCommonTags: couldn't write 'track' tag to 'Hi-Fi/【𝐇𝐢-𝐑𝐞𝐬无损音质】｜《分裂》- 周杰伦 -‘爬过的那棵树  又何时变得渺小’_音频.mp4' as it's not a positive integer
writeCommonTags: couldn't write 'year' tag to 'Hi-Fi/【𝐇𝐢-𝐑𝐞𝐬无损音质】｜《我不配》- 周杰伦 -‘是我忽略 你不过要人陪’_音频.mp4' as it's not a positive integer
writeCommonTags: couldn't write 'track' tag to 'Hi-Fi/【𝐇𝐢-𝐑𝐞𝐬无损音质】｜《我不配》- 周杰伦 -‘是我忽略 你不过要人陪’_音频.mp4' as it's not a positive integer
writeCommonTags: couldn't write 'year' tag to 'Hi-Fi/【𝐇𝐢-𝐑𝐞𝐬无损音质】｜《搁浅》- 周杰伦 -‘我只能永远读着对白  读着我给你的伤害’_音频.mp4' as it's not a positive integer
writeCommonTags: couldn't write 'track' tag to 'Hi-Fi/【𝐇𝐢-𝐑𝐞𝐬无损音质】｜《搁浅》- 周杰伦 -‘我只能永远读着对白  读着我给你的伤害’_音频.mp4' as it's not a positive integer
writeCommonTags: couldn't write 'year' tag to 'Hi-Fi/【𝐇𝐢-𝐑𝐞𝐬无损音质】｜《枫》- 周杰伦 -‘缓缓飘落的枫叶像思念’_音频.mp4' as it's not a positive integer
writeCommonTags: couldn't write 'track' tag to 'Hi-Fi/【𝐇𝐢-𝐑𝐞𝐬无损音质】｜《枫》- 周杰伦 -‘缓缓飘落的枫叶像思念’_音频.mp4' as it's not a positive integer
writeCommonTags: couldn't write 'year' tag to 'Hi-Fi/【𝐇𝐢-𝐑𝐞𝐬无损音质】｜《浪漫手机》- 周杰伦 -‘短讯的桥梁 将暧昧期拉长’_音频.mp4' as it's not a positive integer
writeCommonTags: couldn't write 'track' tag to 'Hi-Fi/【𝐇𝐢-𝐑𝐞𝐬无损音质】｜《浪漫手机》- 周杰伦 -‘短讯的桥梁 将暧昧期拉长’_音频.mp4' as it's not a positive integer
writeCommonTags: couldn't write 'year' tag to 'Hi-Fi/【𝐇𝐢-𝐑𝐞𝐬无损音质】｜《白色风车》- 周杰伦 -‘甜甜的海水  复杂的眼泪’_音频.mp4' as it's not a positive integer
writeCommonTags: couldn't write 'track' tag to 'Hi-Fi/【𝐇𝐢-𝐑𝐞𝐬无损音质】｜《白色风车》- 周杰伦 -‘甜甜的海水  复杂的眼泪’_音频.mp4' as it's not a positive integer
writeCommonTags: couldn't write 'year' tag to 'Hi-Fi/【𝐇𝐢-𝐑𝐞𝐬无损音质】｜《退后》- 周杰伦 -‘我知道你我都没有错  只是忘了怎么退后’_音频.mp4' as it's not a positive integer
writeCommonTags: couldn't write 'track' tag to 'Hi-Fi/【𝐇𝐢-𝐑𝐞𝐬无损音质】｜《退后》- 周杰伦 -‘我知道你我都没有错  只是忘了怎么退后’_音频.mp4' as it's not a positive integer
writeCommonTags: couldn't write 'year' tag to 'Hi-Fi/《你听得到》- 周杰伦.mp4' as it's not a positive integer
writeCommonTags: couldn't write 'track' tag to 'Hi-Fi/《你听得到》- 周杰伦.mp4' as it's not a positive integer
writeCommonTags: couldn't write 'year' tag to 'Hi-Fi/【𝐇𝐢-𝐑𝐞𝐬无损音质】｜《借口》- 周杰伦 -‘请再给我一个理由说你不爱我’_音频.mp4' as it's not a positive integer
writeCommonTags: couldn't write 'track' tag to 'Hi-Fi/【𝐇𝐢-𝐑𝐞𝐬无损音质】｜《借口》- 周杰伦 -‘请再给我一个理由说你不爱我’_音频.mp4' as it's not a positive integer
writeCommonTags: couldn't write 'year' tag to 'Hi-Fi/【𝐇𝐢-𝐑𝐞𝐬无损音质】｜《分裂》- 周杰伦 -‘爬过的那棵树  又何时变得渺小’_音频.mp4' as it's not a positive integer
writeCommonTags: couldn't write 'track' tag to 'Hi-Fi/【𝐇𝐢-𝐑𝐞𝐬无损音质】｜《分裂》- 周杰伦 -‘爬过的那棵树  又何时变得渺小’_音频.mp4' as it's not a positive integer
writeCommonTags: couldn't write 'year' tag to 'Hi-Fi/【𝐇𝐢-𝐑𝐞𝐬无损音质】｜《我不配》- 周杰伦 -‘是我忽略 你不过要人陪’_音频.mp4' as it's not a positive integer
writeCommonTags: couldn't write 'track' tag to 'Hi-Fi/【𝐇𝐢-𝐑𝐞𝐬无损音质】｜《我不配》- 周杰伦 -‘是我忽略 你不过要人陪’_音频.mp4' as it's not a positive integer
writeCommonTags: couldn't write 'year' tag to 'Hi-Fi/【𝐇𝐢-𝐑𝐞𝐬无损音质】｜《搁浅》- 周杰伦 -‘我只能永远读着对白  读着我给你的伤害’_音频.mp4' as it's not a positive integer
writeCommonTags: couldn't write 'track' tag to 'Hi-Fi/【𝐇𝐢-𝐑𝐞𝐬无损音质】｜《搁浅》- 周杰伦 -‘我只能永远读着对白  读着我给你的伤害’_音频.mp4' as it's not a positive integer
writeCommonTags: couldn't write 'year' tag to 'Hi-Fi/【𝐇𝐢-𝐑𝐞𝐬无损音质】｜《枫》- 周杰伦 -‘缓缓飘落的枫叶像思念’_音频.mp4' as it's not a positive integer
writeCommonTags: couldn't write 'track' tag to 'Hi-Fi/【𝐇𝐢-𝐑𝐞𝐬无损音质】｜《枫》- 周杰伦 -‘缓缓飘落的枫叶像思念’_音频.mp4' as it's not a positive integer
writeCommonTags: couldn't write 'year' tag to 'Hi-Fi/【𝐇𝐢-𝐑𝐞𝐬无损音质】｜《浪漫手机》- 周杰伦 -‘短讯的桥梁 将暧昧期拉长’_音频.mp4' as it's not a positive integer
writeCommonTags: couldn't write 'track' tag to 'Hi-Fi/【𝐇𝐢-𝐑𝐞𝐬无损音质】｜《浪漫手机》- 周杰伦 -‘短讯的桥梁 将暧昧期拉长’_音频.mp4' as it's not a positive integer
writeCommonTags: couldn't write 'year' tag to 'Hi-Fi/【𝐇𝐢-𝐑𝐞𝐬无损音质】｜《白色风车》- 周杰伦 -‘甜甜的海水  复杂的眼泪’_音频.mp4' as it's not a positive integer
writeCommonTags: couldn't write 'track' tag to 'Hi-Fi/【𝐇𝐢-𝐑𝐞𝐬无损音质】｜《白色风车》- 周杰伦 -‘甜甜的海水  复杂的眼泪’_音频.mp4' as it's not a positive integer
writeCommonTags: couldn't write 'year' tag to 'Hi-Fi/【𝐇𝐢-𝐑𝐞𝐬无损音质】｜《退后》- 周杰伦 -‘我知道你我都没有错  只是忘了怎么退后’_音频.mp4' as it's not a positive integer
writeCommonTags: couldn't write 'track' tag to 'Hi-Fi/【𝐇𝐢-𝐑𝐞𝐬无损音质】｜《退后》- 周杰伦 -‘我知道你我都没有错  只是忘了怎么退后’_音频.mp4' as it's not a positive integer
writeCommonTags: couldn't write 'year' tag to 'Hi-Fi/《你听得到》- 周杰伦.mp4' as it's not a positive integer
writeCommonTags: couldn't write 'track' tag to 'Hi-Fi/《你听得到》- 周杰伦.mp4' as it's not a positive integer
writeCommonTags: couldn't write 'year' tag to 'Hi-Fi/《借口》- 周杰伦.mp4' as it's not a positive integer
writeCommonTags: couldn't write 'track' tag to 'Hi-Fi/《借口》- 周杰伦.mp4' as it's not a positive integer
writeCommonTags: couldn't write 'year' tag to 'Hi-Fi/【𝐇𝐢-𝐑𝐞𝐬无损音质】｜《分裂》- 周杰伦 -‘爬过的那棵树  又何时变得渺小’_音频.mp4' as it's not a positive integer
writeCommonTags: couldn't write 'track' tag to 'Hi-Fi/【𝐇𝐢-𝐑𝐞𝐬无损音质】｜《分裂》- 周杰伦 -‘爬过的那棵树  又何时变得渺小’_音频.mp4' as it's not a positive integer
writeCommonTags: couldn't write 'year' tag to 'Hi-Fi/【𝐇𝐢-𝐑𝐞𝐬无损音质】｜《我不配》- 周杰伦 -‘是我忽略 你不过要人陪’_音频.mp4' as it's not a positive integer
writeCommonTags: couldn't write 'track' tag to 'Hi-Fi/【𝐇𝐢-𝐑𝐞𝐬无损音质】｜《我不配》- 周杰伦 -‘是我忽略 你不过要人陪’_音频.mp4' as it's not a positive integer
writeCommonTags: couldn't write 'year' tag to 'Hi-Fi/【𝐇𝐢-𝐑𝐞𝐬无损音质】｜《搁浅》- 周杰伦 -‘我只能永远读着对白  读着我给你的伤害’_音频.mp4' as it's not a positive integer
writeCommonTags: couldn't write 'track' tag to 'Hi-Fi/【𝐇𝐢-𝐑𝐞𝐬无损音质】｜《搁浅》- 周杰伦 -‘我只能永远读着对白  读着我给你的伤害’_音频.mp4' as it's not a positive integer
writeCommonTags: couldn't write 'year' tag to 'Hi-Fi/【𝐇𝐢-𝐑𝐞𝐬无损音质】｜《枫》- 周杰伦 -‘缓缓飘落的枫叶像思念’_音频.mp4' as it's not a positive integer
writeCommonTags: couldn't write 'track' tag to 'Hi-Fi/【𝐇𝐢-𝐑𝐞𝐬无损音质】｜《枫》- 周杰伦 -‘缓缓飘落的枫叶像思念’_音频.mp4' as it's not a positive integer
writeCommonTags: couldn't write 'year' tag to 'Hi-Fi/【𝐇𝐢-𝐑𝐞𝐬无损音质】｜《浪漫手机》- 周杰伦 -‘短讯的桥梁 将暧昧期拉长’_音频.mp4' as it's not a positive integer
writeCommonTags: couldn't write 'track' tag to 'Hi-Fi/【𝐇𝐢-𝐑𝐞𝐬无损音质】｜《浪漫手机》- 周杰伦 -‘短讯的桥梁 将暧昧期拉长’_音频.mp4' as it's not a positive integer
writeCommonTags: couldn't write 'year' tag to 'Hi-Fi/【𝐇𝐢-𝐑𝐞𝐬无损音质】｜《白色风车》- 周杰伦 -‘甜甜的海水  复杂的眼泪’_音频.mp4' as it's not a positive integer
writeCommonTags: couldn't write 'track' tag to 'Hi-Fi/【𝐇𝐢-𝐑𝐞𝐬无损音质】｜《白色风车》- 周杰伦 -‘甜甜的海水  复杂的眼泪’_音频.mp4' as it's not a positive integer
writeCommonTags: couldn't write 'year' tag to 'Hi-Fi/【𝐇𝐢-𝐑𝐞𝐬无损音质】｜《退后》- 周杰伦 -‘我知道你我都没有错  只是忘了怎么退后’_音频.mp4' as it's not a positive integer
writeCommonTags: couldn't write 'track' tag to 'Hi-Fi/【𝐇𝐢-𝐑𝐞𝐬无损音质】｜《退后》- 周杰伦 -‘我知道你我都没有错  只是忘了怎么退后’_音频.mp4' as it's not a positive integer
writeCommonTags: couldn't write 'year' tag to 'Hi-Fi/【𝐇𝐢-𝐑𝐞𝐬无损音质】｜《分裂》- 周杰伦 -‘爬过的那棵树  又何时变得渺小’_音频.mp4' as it's not a positive integer
writeCommonTags: couldn't write 'track' tag to 'Hi-Fi/【𝐇𝐢-𝐑𝐞𝐬无损音质】｜《分裂》- 周杰伦 -‘爬过的那棵树  又何时变得渺小’_音频.mp4' as it's not a positive integer
writeCommonTags: couldn't write 'year' tag to 'Hi-Fi/【𝐇𝐢-𝐑𝐞𝐬无损音质】｜《我不配》- 周杰伦 -‘是我忽略 你不过要人陪’_音频.mp4' as it's not a positive integer
writeCommonTags: couldn't write 'track' tag to 'Hi-Fi/【𝐇𝐢-𝐑𝐞𝐬无损音质】｜《我不配》- 周杰伦 -‘是我忽略 你不过要人陪’_音频.mp4' as it's not a positive integer
writeCommonTags: couldn't write 'year' tag to 'Hi-Fi/【𝐇𝐢-𝐑𝐞𝐬无损音质】｜《搁浅》- 周杰伦 -‘我只能永远读着对白  读着我给你的伤害’_音频.mp4' as it's not a positive integer
writeCommonTags: couldn't write 'track' tag to 'Hi-Fi/【𝐇𝐢-𝐑𝐞𝐬无损音质】｜《搁浅》- 周杰伦 -‘我只能永远读着对白  读着我给你的伤害’_音频.mp4' as it's not a positive integer
writeCommonTags: couldn't write 'year' tag to 'Hi-Fi/【𝐇𝐢-𝐑𝐞𝐬无损音质】｜《枫》- 周杰伦 -‘缓缓飘落的枫叶像思念’_音频.mp4' as it's not a positive integer
writeCommonTags: couldn't write 'track' tag to 'Hi-Fi/【𝐇𝐢-𝐑𝐞𝐬无损音质】｜《枫》- 周杰伦 -‘缓缓飘落的枫叶像思念’_音频.mp4' as it's not a positive integer
writeCommonTags: couldn't write 'year' tag to 'Hi-Fi/【𝐇𝐢-𝐑𝐞𝐬无损音质】｜《浪漫手机》- 周杰伦 -‘短讯的桥梁 将暧昧期拉长’_音频.mp4' as it's not a positive integer
writeCommonTags: couldn't write 'track' tag to 'Hi-Fi/【𝐇𝐢-𝐑𝐞𝐬无损音质】｜《浪漫手机》- 周杰伦 -‘短讯的桥梁 将暧昧期拉长’_音频.mp4' as it's not a positive integer
writeCommonTags: couldn't write 'year' tag to 'Hi-Fi/【𝐇𝐢-𝐑𝐞𝐬无损音质】｜《白色风车》- 周杰伦 -‘甜甜的海水  复杂的眼泪’_音频.mp4' as it's not a positive integer
writeCommonTags: couldn't write 'track' tag to 'Hi-Fi/【𝐇𝐢-𝐑𝐞𝐬无损音质】｜《白色风车》- 周杰伦 -‘甜甜的海水  复杂的眼泪’_音频.mp4' as it's not a positive integer
writeCommonTags: couldn't write 'year' tag to 'Hi-Fi/【𝐇𝐢-𝐑𝐞𝐬无损音质】｜《退后》- 周杰伦 -‘我知道你我都没有错  只是忘了怎么退后’_音频.mp4' as it's not a positive integer
writeCommonTags: couldn't write 'track' tag to 'Hi-Fi/【𝐇𝐢-𝐑𝐞𝐬无损音质】｜《退后》- 周杰伦 -‘我知道你我都没有错  只是忘了怎么退后’_音频.mp4' as it's not a positive integer
writeCommonTags: couldn't write 'year' tag to 'Hi-Fi/周杰伦 - 你听得到.mp4' as it's not a positive integer
writeCommonTags: couldn't write 'track' tag to 'Hi-Fi/周杰伦 - 你听得到.mp4' as it's not a positive integer
writeCommonTags: couldn't write 'year' tag to 'Hi-Fi/周杰伦 - 借口.mp4' as it's not a positive integer
writeCommonTags: couldn't write 'track' tag to 'Hi-Fi/周杰伦 - 借口.mp4' as it's not a positive integer
writeCommonTags: couldn't write 'year' tag to 'Hi-Fi/【𝐇𝐢-𝐑𝐞𝐬无损音质】｜《分裂》- 周杰伦 -‘爬过的那棵树  又何时变得渺小’_音频.mp4' as it's not a positive integer
writeCommonTags: couldn't write 'track' tag to 'Hi-Fi/【𝐇𝐢-𝐑𝐞𝐬无损音质】｜《分裂》- 周杰伦 -‘爬过的那棵树  又何时变得渺小’_音频.mp4' as it's not a positive integer
writeCommonTags: couldn't write 'year' tag to 'Hi-Fi/【𝐇𝐢-𝐑𝐞𝐬无损音质】｜《我不配》- 周杰伦 -‘是我忽略 你不过要人陪’_音频.mp4' as it's not a positive integer
writeCommonTags: couldn't write 'track' tag to 'Hi-Fi/【𝐇𝐢-𝐑𝐞𝐬无损音质】｜《我不配》- 周杰伦 -‘是我忽略 你不过要人陪’_音频.mp4' as it's not a positive integer
writeCommonTags: couldn't write 'year' tag to 'Hi-Fi/【𝐇𝐢-𝐑𝐞𝐬无损音质】｜《搁浅》- 周杰伦 -‘我只能永远读着对白  读着我给你的伤害’_音频.mp4' as it's not a positive integer
writeCommonTags: couldn't write 'track' tag to 'Hi-Fi/【𝐇𝐢-𝐑𝐞𝐬无损音质】｜《搁浅》- 周杰伦 -‘我只能永远读着对白  读着我给你的伤害’_音频.mp4' as it's not a positive integer
writeCommonTags: couldn't write 'year' tag to 'Hi-Fi/【𝐇𝐢-𝐑𝐞𝐬无损音质】｜《枫》- 周杰伦 -‘缓缓飘落的枫叶像思念’_音频.mp4' as it's not a positive integer
writeCommonTags: couldn't write 'track' tag to 'Hi-Fi/【𝐇𝐢-𝐑𝐞𝐬无损音质】｜《枫》- 周杰伦 -‘缓缓飘落的枫叶像思念’_音频.mp4' as it's not a positive integer
writeCommonTags: couldn't write 'year' tag to 'Hi-Fi/【𝐇𝐢-𝐑𝐞𝐬无损音质】｜《浪漫手机》- 周杰伦 -‘短讯的桥梁 将暧昧期拉长’_音频.mp4' as it's not a positive integer
writeCommonTags: couldn't write 'track' tag to 'Hi-Fi/【𝐇𝐢-𝐑𝐞𝐬无损音质】｜《浪漫手机》- 周杰伦 -‘短讯的桥梁 将暧昧期拉长’_音频.mp4' as it's not a positive integer
writeCommonTags: couldn't write 'year' tag to 'Hi-Fi/【𝐇𝐢-𝐑𝐞𝐬无损音质】｜《白色风车》- 周杰伦 -‘甜甜的海水  复杂的眼泪’_音频.mp4' as it's not a positive integer
writeCommonTags: couldn't write 'track' tag to 'Hi-Fi/【𝐇𝐢-𝐑𝐞𝐬无损音质】｜《白色风车》- 周杰伦 -‘甜甜的海水  复杂的眼泪’_音频.mp4' as it's not a positive integer
writeCommonTags: couldn't write 'year' tag to 'Hi-Fi/【𝐇𝐢-𝐑𝐞𝐬无损音质】｜《退后》- 周杰伦 -‘我知道你我都没有错  只是忘了怎么退后’_音频.mp4' as it's not a positive integer
writeCommonTags: couldn't write 'track' tag to 'Hi-Fi/【𝐇𝐢-𝐑𝐞𝐬无损音质】｜《退后》- 周杰伦 -‘我知道你我都没有错  只是忘了怎么退后’_音频.mp4' as it's not a positive integer
writeCommonTags: couldn't write 'year' tag to 'Hi-Fi/周杰伦 - 你听得到.mp4' as it's not a positive integer
writeCommonTags: couldn't write 'track' tag to 'Hi-Fi/周杰伦 - 你听得到.mp4' as it's not a positive integer
writeCommonTags: couldn't write 'year' tag to 'Hi-Fi/周杰伦 - 借口.mp4' as it's not a positive integer
writeCommonTags: couldn't write 'track' tag to 'Hi-Fi/周杰伦 - 借口.mp4' as it's not a positive integer
writeCommonTags: couldn't write 'year' tag to 'Hi-Fi/【𝐇𝐢-𝐑𝐞𝐬无损音质】｜《分裂》- 周杰伦 -‘爬过的那棵树  又何时变得渺小’_音频.mp4' as it's not a positive integer
writeCommonTags: couldn't write 'track' tag to 'Hi-Fi/【𝐇𝐢-𝐑𝐞𝐬无损音质】｜《分裂》- 周杰伦 -‘爬过的那棵树  又何时变得渺小’_音频.mp4' as it's not a positive integer
writeCommonTags: couldn't write 'year' tag to 'Hi-Fi/【𝐇𝐢-𝐑𝐞𝐬无损音质】｜《我不配》- 周杰伦 -‘是我忽略 你不过要人陪’_音频.mp4' as it's not a positive integer
writeCommonTags: couldn't write 'track' tag to 'Hi-Fi/【𝐇𝐢-𝐑𝐞𝐬无损音质】｜《我不配》- 周杰伦 -‘是我忽略 你不过要人陪’_音频.mp4' as it's not a positive integer
writeCommonTags: couldn't write 'year' tag to 'Hi-Fi/【𝐇𝐢-𝐑𝐞𝐬无损音质】｜《搁浅》- 周杰伦 -‘我只能永远读着对白  读着我给你的伤害’_音频.mp4' as it's not a positive integer
writeCommonTags: couldn't write 'track' tag to 'Hi-Fi/【𝐇𝐢-𝐑𝐞𝐬无损音质】｜《搁浅》- 周杰伦 -‘我只能永远读着对白  读着我给你的伤害’_音频.mp4' as it's not a positive integer
writeCommonTags: couldn't write 'year' tag to 'Hi-Fi/【𝐇𝐢-𝐑𝐞𝐬无损音质】｜《枫》- 周杰伦 -‘缓缓飘落的枫叶像思念’_音频.mp4' as it's not a positive integer
writeCommonTags: couldn't write 'track' tag to 'Hi-Fi/【𝐇𝐢-𝐑𝐞𝐬无损音质】｜《枫》- 周杰伦 -‘缓缓飘落的枫叶像思念’_音频.mp4' as it's not a positive integer
writeCommonTags: couldn't write 'year' tag to 'Hi-Fi/【𝐇𝐢-𝐑𝐞𝐬无损音质】｜《浪漫手机》- 周杰伦 -‘短讯的桥梁 将暧昧期拉长’_音频.mp4' as it's not a positive integer
writeCommonTags: couldn't write 'track' tag to 'Hi-Fi/【𝐇𝐢-𝐑𝐞𝐬无损音质】｜《浪漫手机》- 周杰伦 -‘短讯的桥梁 将暧昧期拉长’_音频.mp4' as it's not a positive integer
writeCommonTags: couldn't write 'year' tag to 'Hi-Fi/【𝐇𝐢-𝐑𝐞𝐬无损音质】｜《白色风车》- 周杰伦 -‘甜甜的海水  复杂的眼泪’_音频.mp4' as it's not a positive integer
writeCommonTags: couldn't write 'track' tag to 'Hi-Fi/【𝐇𝐢-𝐑𝐞𝐬无损音质】｜《白色风车》- 周杰伦 -‘甜甜的海水  复杂的眼泪’_音频.mp4' as it's not a positive integer
writeCommonTags: couldn't write 'year' tag to 'Hi-Fi/【𝐇𝐢-𝐑𝐞𝐬无损音质】｜《退后》- 周杰伦 -‘我知道你我都没有错  只是忘了怎么退后’_音频.mp4' as it's not a positive integer
writeCommonTags: couldn't write 'track' tag to 'Hi-Fi/【𝐇𝐢-𝐑𝐞𝐬无损音质】｜《退后》- 周杰伦 -‘我知道你我都没有错  只是忘了怎么退后’_音频.mp4' as it's not a positive integer
writeCommonTags: couldn't write 'year' tag to 'Hi-Fi/周杰伦 - 你听得到.mp4' as it's not a positive integer
writeCommonTags: couldn't write 'track' tag to 'Hi-Fi/周杰伦 - 你听得到.mp4' as it's not a positive integer
writeCommonTags: couldn't write 'year' tag to 'Hi-Fi/周杰伦 - 借口.mp4' as it's not a positive integer
writeCommonTags: couldn't write 'track' tag to 'Hi-Fi/周杰伦 - 借口.mp4' as it's not a positive integer
writeCommonTags: couldn't write 'year' tag to 'Hi-Fi/周杰伦 - 你听得到.mp4' as it's not a positive integer
writeCommonTags: couldn't write 'track' tag to 'Hi-Fi/周杰伦 - 你听得到.mp4' as it's not a positive integer
writeCommonTags: couldn't write 'year' tag to 'Hi-Fi/周杰伦 - 借口.mp4' as it's not a positive integer
writeCommonTags: couldn't write 'track' tag to 'Hi-Fi/周杰伦 - 借口.mp4' as it's not a positive integer
writeCommonTags: couldn't write 'year' tag to 'Hi-Fi/周杰伦 - 分裂.mp4' as it's not a positive integer
writeCommonTags: couldn't write 'track' tag to 'Hi-Fi/周杰伦 - 分裂.mp4' as it's not a positive integer
writeCommonTags: couldn't write 'year' tag to 'Hi-Fi/周杰伦 - 我不配.mp4' as it's not a positive integer
writeCommonTags: couldn't write 'track' tag to 'Hi-Fi/周杰伦 - 我不配.mp4' as it's not a positive integer
writeCommonTags: couldn't write 'year' tag to 'Hi-Fi/周杰伦 - 搁浅.mp4' as it's not a positive integer
writeCommonTags: couldn't write 'track' tag to 'Hi-Fi/周杰伦 - 搁浅.mp4' as it's not a positive integer
writeCommonTags: couldn't write 'year' tag to 'Hi-Fi/周杰伦 - 枫.mp4' as it's not a positive integer
writeCommonTags: couldn't write 'track' tag to 'Hi-Fi/周杰伦 - 枫.mp4' as it's not a positive integer
writeCommonTags: couldn't write 'year' tag to 'Hi-Fi/周杰伦 - 浪漫手机.mp4' as it's not a positive integer
writeCommonTags: couldn't write 'track' tag to 'Hi-Fi/周杰伦 - 浪漫手机.mp4' as it's not a positive integer
writeCommonTags: couldn't write 'year' tag to 'Hi-Fi/周杰伦 - 白色风车.mp4' as it's not a positive integer
writeCommonTags: couldn't write 'track' tag to 'Hi-Fi/周杰伦 - 白色风车.mp4' as it's not a positive integer
writeCommonTags: couldn't write 'year' tag to 'Hi-Fi/周杰伦 - 退后.mp4' as it's not a positive integer
writeCommonTags: couldn't write 'track' tag to 'Hi-Fi/周杰伦 - 退后.mp4' as it's not a positive integer
writeCommonTags: couldn't write 'year' tag to 'Hi-Fi/周杰伦 - 你听得到.mp4' as it's not a positive integer
writeCommonTags: couldn't write 'track' tag to 'Hi-Fi/周杰伦 - 你听得到.mp4' as it's not a positive integer
writeCommonTags: couldn't write 'year' tag to 'Hi-Fi/周杰伦 - 借口.mp4' as it's not a positive integer
writeCommonTags: couldn't write 'track' tag to 'Hi-Fi/周杰伦 - 借口.mp4' as it's not a positive integer
writeCommonTags: couldn't write 'year' tag to 'Hi-Fi/周杰伦 - 分裂.mp4' as it's not a positive integer
writeCommonTags: couldn't write 'track' tag to 'Hi-Fi/周杰伦 - 分裂.mp4' as it's not a positive integer
writeCommonTags: couldn't write 'year' tag to 'Hi-Fi/周杰伦 - 我不配.mp4' as it's not a positive integer
writeCommonTags: couldn't write 'track' tag to 'Hi-Fi/周杰伦 - 我不配.mp4' as it's not a positive integer
writeCommonTags: couldn't write 'year' tag to 'Hi-Fi/周杰伦 - 搁浅.mp4' as it's not a positive integer
writeCommonTags: couldn't write 'track' tag to 'Hi-Fi/周杰伦 - 搁浅.mp4' as it's not a positive integer
writeCommonTags: couldn't write 'year' tag to 'Hi-Fi/周杰伦 - 枫.mp4' as it's not a positive integer
writeCommonTags: couldn't write 'track' tag to 'Hi-Fi/周杰伦 - 枫.mp4' as it's not a positive integer
writeCommonTags: couldn't write 'year' tag to 'Hi-Fi/周杰伦 - 浪漫手机.mp4' as it's not a positive integer
writeCommonTags: couldn't write 'track' tag to 'Hi-Fi/周杰伦 - 浪漫手机.mp4' as it's not a positive integer
writeCommonTags: couldn't write 'year' tag to 'Hi-Fi/周杰伦 - 白色风车.mp4' as it's not a positive integer
writeCommonTags: couldn't write 'track' tag to 'Hi-Fi/周杰伦 - 白色风车.mp4' as it's not a positive integer
writeCommonTags: couldn't write 'year' tag to 'Hi-Fi/周杰伦 - 退后.mp4' as it's not a positive integer
writeCommonTags: couldn't write 'track' tag to 'Hi-Fi/周杰伦 - 退后.mp4' as it's not a positive integer
writeCommonTags: couldn't write 'year' tag to 'OST/【影视配乐_BGM】黄霑 - 断情殇_音频.mp4' as it's not a positive integer
writeCommonTags: couldn't write 'track' tag to 'OST/【影视配乐_BGM】黄霑 - 断情殇_音频.mp4' as it's not a positive integer
writeCommonTags: couldn't write 'year' tag to 'OST/黄霑 - 断情殇.mp4' as it's not a positive integer
writeCommonTags: couldn't write 'track' tag to 'OST/黄霑 - 断情殇.mp4' as it's not a positive integer
writeCommonTags: couldn't write 'year' tag to '【黑胶试听】FORMOSA-天也不懂情（《新白娘子传奇》影视原声带）_音频.mp4' as it's not a positive integer
writeCommonTags: couldn't write 'track' tag to '【黑胶试听】FORMOSA-天也不懂情（《新白娘子传奇》影视原声带）_音频.mp4' as it's not a positive integer
writeCommonTags: couldn't write 'year' tag to '【黑胶试听】FORMOSA-悲情面具（《新白娘子传奇》影视原声带）_音频.mp4' as it's not a positive integer
writeCommonTags: couldn't write 'track' tag to '【黑胶试听】FORMOSA-悲情面具（《新白娘子传奇》影视原声带）_音频.mp4' as it's not a positive integer
writeCommonTags: couldn't write 'year' tag to '【黑胶试听】FORMOSA-天也不懂情（《新白娘子传奇》影视原声带）_音频.mp4' as it's not a positive integer
writeCommonTags: couldn't write 'track' tag to '【黑胶试听】FORMOSA-天也不懂情（《新白娘子传奇》影视原声带）_音频.mp4' as it's not a positive integer
writeCommonTags: couldn't write 'year' tag to '【黑胶试听】FORMOSA-悲情面具（《新白娘子传奇》影视原声带）_音频.mp4' as it's not a positive integer
writeCommonTags: couldn't write 'track' tag to '【黑胶试听】FORMOSA-悲情面具（《新白娘子传奇》影视原声带）_音频.mp4' as it's not a positive integer
writeCommonTags: couldn't write 'year' tag to '【黑胶试听】FORMOSA-天也不懂情（《新白娘子传奇》影视原声带）_音频.mp4' as it's not a positive integer
writeCommonTags: couldn't write 'track' tag to '【黑胶试听】FORMOSA-天也不懂情（《新白娘子传奇》影视原声带）_音频.mp4' as it's not a positive integer
writeCommonTags: couldn't write 'year' tag to '【黑胶试听】FORMOSA-悲情面具（《新白娘子传奇》影视原声带）_音频.mp4' as it's not a positive integer
writeCommonTags: couldn't write 'track' tag to '【黑胶试听】FORMOSA-悲情面具（《新白娘子传奇》影视原声带）_音频.mp4' as it's not a positive integer
writeCommonTags: couldn't write 'year' tag to 'Hi-Fi/周杰伦 - 你听得到.mp4' as it's not a positive integer
writeCommonTags: couldn't write 'track' tag to 'Hi-Fi/周杰伦 - 你听得到.mp4' as it's not a positive integer
writeCommonTags: couldn't write 'year' tag to 'Hi-Fi/周杰伦 - 借口.mp4' as it's not a positive integer
writeCommonTags: couldn't write 'track' tag to 'Hi-Fi/周杰伦 - 借口.mp4' as it's not a positive integer
writeCommonTags: couldn't write 'year' tag to 'Hi-Fi/周杰伦 - 分裂.mp4' as it's not a positive integer
writeCommonTags: couldn't write 'track' tag to 'Hi-Fi/周杰伦 - 分裂.mp4' as it's not a positive integer
writeCommonTags: couldn't write 'year' tag to 'Hi-Fi/周杰伦 - 我不配.mp4' as it's not a positive integer
writeCommonTags: couldn't write 'track' tag to 'Hi-Fi/周杰伦 - 我不配.mp4' as it's not a positive integer
writeCommonTags: couldn't write 'year' tag to 'Hi-Fi/周杰伦 - 搁浅.mp4' as it's not a positive integer
writeCommonTags: couldn't write 'track' tag to 'Hi-Fi/周杰伦 - 搁浅.mp4' as it's not a positive integer
writeCommonTags: couldn't write 'year' tag to 'Hi-Fi/周杰伦 - 枫.mp4' as it's not a positive integer
writeCommonTags: couldn't write 'track' tag to 'Hi-Fi/周杰伦 - 枫.mp4' as it's not a positive integer
writeCommonTags: couldn't write 'year' tag to 'Hi-Fi/周杰伦 - 浪漫手机.mp4' as it's not a positive integer
writeCommonTags: couldn't write 'track' tag to 'Hi-Fi/周杰伦 - 浪漫手机.mp4' as it's not a positive integer
writeCommonTags: couldn't write 'year' tag to 'Hi-Fi/周杰伦 - 白色风车.mp4' as it's not a positive integer
writeCommonTags: couldn't write 'track' tag to 'Hi-Fi/周杰伦 - 白色风车.mp4' as it's not a positive integer
writeCommonTags: couldn't write 'year' tag to 'Hi-Fi/周杰伦 - 退后.mp4' as it's not a positive integer
writeCommonTags: couldn't write 'track' tag to 'Hi-Fi/周杰伦 - 退后.mp4' as it's not a positive integer
writeCommonTags: couldn't write 'year' tag to 'Hi-Fi/周杰伦 - 你听得到.mp4' as it's not a positive integer
writeCommonTags: couldn't write 'track' tag to 'Hi-Fi/周杰伦 - 你听得到.mp4' as it's not a positive integer
writeCommonTags: couldn't write 'year' tag to 'Hi-Fi/周杰伦 - 借口.mp4' as it's not a positive integer
writeCommonTags: couldn't write 'track' tag to 'Hi-Fi/周杰伦 - 借口.mp4' as it's not a positive integer
writeCommonTags: couldn't write 'year' tag to 'Hi-Fi/周杰伦 - 分裂.mp4' as it's not a positive integer
writeCommonTags: couldn't write 'track' tag to 'Hi-Fi/周杰伦 - 分裂.mp4' as it's not a positive integer
writeCommonTags: couldn't write 'year' tag to 'Hi-Fi/周杰伦 - 我不配.mp4' as it's not a positive integer
writeCommonTags: couldn't write 'track' tag to 'Hi-Fi/周杰伦 - 我不配.mp4' as it's not a positive integer
writeCommonTags: couldn't write 'year' tag to 'Hi-Fi/周杰伦 - 搁浅.mp4' as it's not a positive integer
writeCommonTags: couldn't write 'track' tag to 'Hi-Fi/周杰伦 - 搁浅.mp4' as it's not a positive integer
writeCommonTags: couldn't write 'year' tag to 'Hi-Fi/周杰伦 - 枫.mp4' as it's not a positive integer
writeCommonTags: couldn't write 'track' tag to 'Hi-Fi/周杰伦 - 枫.mp4' as it's not a positive integer
writeCommonTags: couldn't write 'year' tag to 'Hi-Fi/周杰伦 - 浪漫手机.mp4' as it's not a positive integer
writeCommonTags: couldn't write 'track' tag to 'Hi-Fi/周杰伦 - 浪漫手机.mp4' as it's not a positive integer
writeCommonTags: couldn't write 'year' tag to 'Hi-Fi/周杰伦 - 白色风车.mp4' as it's not a positive integer
writeCommonTags: couldn't write 'track' tag to 'Hi-Fi/周杰伦 - 白色风车.mp4' as it's not a positive integer
writeCommonTags: couldn't write 'year' tag to 'Hi-Fi/周杰伦 - 退后.mp4' as it's not a positive integer
writeCommonTags: couldn't write 'track' tag to 'Hi-Fi/周杰伦 - 退后.mp4' as it's not a positive integer
writeCommonTags: couldn't write 'track' tag to 'Hi-Fi/周杰伦 - 你听得到.mp4' as it's not a positive integer
writeCommonTags: couldn't write 'track' tag to 'Hi-Fi/周杰伦 - 借口.mp4' as it's not a positive integer
writeCommonTags: couldn't write 'track' tag to 'Hi-Fi/周杰伦 - 分裂.mp4' as it's not a positive integer
writeCommonTags: couldn't write 'track' tag to 'Hi-Fi/周杰伦 - 我不配.mp4' as it's not a positive integer
writeCommonTags: couldn't write 'track' tag to 'Hi-Fi/周杰伦 - 搁浅.mp4' as it's not a positive integer
writeCommonTags: couldn't write 'track' tag to 'Hi-Fi/周杰伦 - 枫.mp4' as it's not a positive integer
writeCommonTags: couldn't write 'track' tag to 'Hi-Fi/周杰伦 - 浪漫手机.mp4' as it's not a positive integer
writeCommonTags: couldn't write 'track' tag to 'Hi-Fi/周杰伦 - 白色风车.mp4' as it's not a positive integer
writeCommonTags: couldn't write 'track' tag to 'Hi-Fi/周杰伦 - 退后.mp4' as it's not a positive integer
writeCommonTags: couldn't write 'track' tag to 'Hi-Fi/周杰伦 - 你听得到.mp4' as it's not a positive integer
writeCommonTags: couldn't write 'track' tag to 'Hi-Fi/周杰伦 - 借口.mp4' as it's not a positive integer
writeCommonTags: couldn't write 'track' tag to 'Hi-Fi/周杰伦 - 分裂.mp4' as it's not a positive integer
writeCommonTags: couldn't write 'track' tag to 'Hi-Fi/周杰伦 - 我不配.mp4' as it's not a positive integer
writeCommonTags: couldn't write 'track' tag to 'Hi-Fi/周杰伦 - 搁浅.mp4' as it's not a positive integer
writeCommonTags: couldn't write 'track' tag to 'Hi-Fi/周杰伦 - 枫.mp4' as it's not a positive integer
writeCommonTags: couldn't write 'track' tag to 'Hi-Fi/周杰伦 - 浪漫手机.mp4' as it's not a positive integer
writeCommonTags: couldn't write 'track' tag to 'Hi-Fi/周杰伦 - 白色风车.mp4' as it's not a positive integer
writeCommonTags: couldn't write 'track' tag to 'Hi-Fi/周杰伦 - 退后.mp4' as it's not a positive integer
